// Jest Snapshot v1, https://goo.gl/fbAQLP

exports[`should render the Expense dashboard page 1`] = `
<div
  className="container"
>
  Dashboard page content...
</div>
`;
